../Core/Src/main.c:94:6:read_Button	8	static
../Core/Src/main.c:112:6:read_mq7mq135	40	static
../Core/Src/main.c:141:6:lcd_read_sensor	16	static
../Core/Src/main.c:159:6:uart_read_sensor	8	static
../Core/Src/main.c:182:6:HAL_UART_RxCpltCallback	16	static
../Core/Src/main.c:202:5:main	48	static
../Core/Src/main.c:281:6:SystemClock_Config	88	static
../Core/Src/main.c:328:13:MX_ADC1_Init	24	static
../Core/Src/main.c:375:13:MX_I2C1_Init	8	static
../Core/Src/main.c:409:13:MX_TIM1_Init	32	static
../Core/Src/main.c:455:13:MX_USART1_UART_Init	8	static
../Core/Src/main.c:488:13:MX_USART2_UART_Init	8	static
../Core/Src/main.c:521:13:MX_USART3_UART_Init	8	static
../Core/Src/main.c:554:13:MX_GPIO_Init	40	static
../Core/Src/main.c:604:6:Error_Handler	4	static,ignoring_inline_asm
