../Core/Src/main.c:94:6:read_Button	5
../Core/Src/main.c:112:6:read_mq7mq135	1
../Core/Src/main.c:141:6:lcd_read_sensor	6
../Core/Src/main.c:159:6:uart_read_sensor	7
../Core/Src/main.c:182:6:HAL_UART_RxCpltCallback	3
../Core/Src/main.c:202:5:main	1
../Core/Src/main.c:281:6:SystemClock_Config	4
../Core/Src/main.c:328:13:MX_ADC1_Init	3
../Core/Src/main.c:375:13:MX_I2C1_Init	2
../Core/Src/main.c:409:13:MX_TIM1_Init	4
../Core/Src/main.c:455:13:MX_USART1_UART_Init	2
../Core/Src/main.c:488:13:MX_USART2_UART_Init	2
../Core/Src/main.c:521:13:MX_USART3_UART_Init	2
../Core/Src/main.c:554:13:MX_GPIO_Init	1
../Core/Src/main.c:604:6:Error_Handler	1
